Executing action: all (aliases: build)
Running ninja in directory F:\project_ESP32_p4\UART\build
Executing "ninja all"...
[1/90] Linking C static library esp-idf\espressif__esp_ipa\libespressif__esp_ipa.a
[2/90] Linking C static library esp-idf\esp_https_server\libesp_https_server.a
[3/90] Building C object esp-idf/espcoredump/CMakeFiles/__idf_espcoredump.dir/src/core_dump_init.c.obj
[4/90] Building C object esp-idf/espcoredump/CMakeFiles/__idf_espcoredump.dir/src/core_dump_sha.c.obj
[5/90] Linking C static library esp-idf\protocomm\libprotocomm.a
[6/90] Building C object esp-idf/espcoredump/CMakeFiles/__idf_espcoredump.dir/src/core_dump_crc.c.obj
[7/90] Linking C static library esp-idf\wear_levelling\libwear_levelling.a
[8/90] Linking C static library esp-idf\espressif__esp_video\libespressif__esp_video.a
[9/90] Building C object esp-idf/esp_local_ctrl/CMakeFiles/__idf_esp_local_ctrl.dir/proto-c/esp_local_ctrl.pb-c.c.obj
[10/90] Building C object esp-idf/esp_lcd/CMakeFiles/__idf_esp_lcd.dir/src/esp_lcd_panel_ops.c.obj
[11/90] Building C object esp-idf/fatfs/CMakeFiles/__idf_fatfs.dir/diskio/diskio_wl.c.obj
[12/90] Building C object esp-idf/fatfs/CMakeFiles/__idf_fatfs.dir/src/ffunicode.c.obj
[13/90] Building C object esp-idf/wifi_module/CMakeFiles/__idf_wifi_module.dir/wifi_module.c.obj
FAILED: esp-idf/wifi_module/CMakeFiles/__idf_wifi_module.dir/wifi_module.c.obj 
F:\Espressif\tools\riscv32-esp-elf\esp-14.2.0_20260121\riscv32-esp-elf\bin\riscv32-esp-elf-gcc.exe -DESP_PLATFORM -DIDF_VER=\"v5.5.4\" -DSOC_MMU_PAGE_SIZE=CONFIG_MMU_PAGE_SIZE -DSOC_XTAL_FREQ_MHZ=CONFIG_XTAL_FREQ -D_GLIBCXX_HAVE_POSIX_SEMAPHORE -D_GLIBCXX_USE_POSIX_SEMAPHORE -D_GNU_SOURCE -D_POSIX_READER_WRITER_LOCKS -IF:/project_ESP32_p4/UART/build/config -IF:/project_ESP32_p4/UART/components/wifi_module -IF:/Espressif/frameworks/v5.5.4/esp-idf/components/newlib/platform_include -IF:/Espressif/frameworks/v5.5.4/esp-idf/components/freertos/config/include -IF:/Espressif/frameworks/v5.5.4/esp-idf/components/freertos/config/include/freertos -IF:/Espressif/frameworks/v5.5.4/esp-idf/components/freertos/config/riscv/include -IF:/Espressif/frameworks/v5.5.4/esp-idf/components/freertos/FreeRTOS-Kernel/include -IF:/Espressif/frameworks/v5.5.4/esp-idf/components/freertos/FreeRTOS-Kernel/portable/riscv/include -IF:/Espressif/frameworks/v5.5.4/esp-idf/components/freertos/FreeRTOS-Kernel/portable/riscv/include/freertos -IF:/Espressif/frameworks/v5.5.4/esp-idf/components/freertos/esp_additions/include -IF:/Espressif/frameworks/v5.5.4/esp-idf/components/esp_hw_support/include -IF:/Espressif/frameworks/v5.5.4/esp-idf/components/esp_hw_support/include/soc -IF:/Espressif/frameworks/v5.5.4/esp-idf/components/esp_hw_support/include/soc/esp32p4 -IF:/Espressif/frameworks/v5.5.4/esp-idf/components/esp_hw_support/dma/include -IF:/Espressif/frameworks/v5.5.4/esp-idf/components/esp_hw_support/ldo/include -IF:/Espressif/frameworks/v5.5.4/esp-idf/components/esp_hw_support/debug_probe/include -IF:/Espressif/frameworks/v5.5.4/esp-idf/components/esp_hw_support/mspi_timing_tuning/include -IF:/Espressif/frameworks/v5.5.4/esp-idf/components/esp_hw_support/mspi_timing_tuning/tuning_scheme_impl/include -IF:/Espressif/frameworks/v5.5.4/esp-idf/components/esp_hw_support/power_supply/include -IF:/Espressif/frameworks/v5.5.4/esp-idf/components/esp_hw_support/port/esp32p4/. -IF:/Espressif/frameworks/v5.5.4/esp-idf/components/esp_hw_support/port/esp32p4/include -IF:/Espressif/frameworks/v5.5.4/esp-idf/components/esp_hw_support/port/esp32p4/private_include -IF:/Espressif/frameworks/v5.5.4/esp-idf/components/esp_hw_support/mspi_timing_tuning/port/esp32p4/. -IF:/Espressif/frameworks/v5.5.4/esp-idf/components/heap/include -IF:/Espressif/frameworks/v5.5.4/esp-idf/components/heap/tlsf -IF:/Espressif/frameworks/v5.5.4/esp-idf/components/log/include -IF:/Espressif/frameworks/v5.5.4/esp-idf/components/soc/include -IF:/Espressif/frameworks/v5.5.4/esp-idf/components/soc/esp32p4 -IF:/Espressif/frameworks/v5.5.4/esp-idf/components/soc/esp32p4/include -IF:/Espressif/frameworks/v5.5.4/esp-idf/components/soc/esp32p4/register/hw_ver3 -IF:/Espressif/frameworks/v5.5.4/esp-idf/components/hal/platform_port/include -IF:/Espressif/frameworks/v5.5.4/esp-idf/components/hal/esp32p4/include -IF:/Espressif/frameworks/v5.5.4/esp-idf/components/hal/include -IF:/Espressif/frameworks/v5.5.4/esp-idf/components/esp_rom/include -IF:/Espressif/frameworks/v5.5.4/esp-idf/components/esp_rom/esp32p4/include -IF:/Espressif/frameworks/v5.5.4/esp-idf/components/esp_rom/esp32p4/include/esp32p4 -IF:/Espressif/frameworks/v5.5.4/esp-idf/components/esp_rom/esp32p4 -IF:/Espressif/frameworks/v5.5.4/esp-idf/components/esp_common/include -IF:/Espressif/frameworks/v5.5.4/esp-idf/components/esp_system/include -IF:/Espressif/frameworks/v5.5.4/esp-idf/components/esp_system/port/soc -IF:/Espressif/frameworks/v5.5.4/esp-idf/components/esp_system/port/include/riscv -IF:/Espressif/frameworks/v5.5.4/esp-idf/components/esp_system/port/include/private -IF:/Espressif/frameworks/v5.5.4/esp-idf/components/riscv/include -IF:/Espressif/frameworks/v5.5.4/esp-idf/components/lwip/include -IF:/Espressif/frameworks/v5.5.4/esp-idf/components/lwip/include/apps -IF:/Espressif/frameworks/v5.5.4/esp-idf/components/lwip/include/apps/sntp -IF:/Espressif/frameworks/v5.5.4/esp-idf/components/lwip/lwip/src/include -IF:/Espressif/frameworks/v5.5.4/esp-idf/components/lwip/port/include -IF:/Espressif/frameworks/v5.5.4/esp-idf/components/lwip/port/freertos/include -IF:/Espressif/frameworks/v5.5.4/esp-idf/components/lwip/port/esp32xx/include -IF:/Espressif/frameworks/v5.5.4/esp-idf/components/lwip/port/esp32xx/include/arch -IF:/Espressif/frameworks/v5.5.4/esp-idf/components/lwip/port/esp32xx/include/sys -IF:/project_ESP32_p4/UART/managed_components/espressif__esp_wifi_remote/idf_v5.5/include/injected -IF:/Espressif/frameworks/v5.5.4/esp-idf/components/esp_wifi/include -IF:/Espressif/frameworks/v5.5.4/esp-idf/components/esp_wifi/wifi_apps/nan_app/include -IF:/Espressif/frameworks/v5.5.4/esp-idf/components/esp_event/include -IF:/Espressif/frameworks/v5.5.4/esp-idf/components/esp_netif/include -IF:/project_ESP32_p4/UART/managed_components/espressif__esp_wifi_remote/include -IF:/project_ESP32_p4/UART/managed_components/espressif__esp_wifi_remote/idf_v5.5/include -IF:/Espressif/frameworks/v5.5.4/esp-idf/components/nvs_flash/include -IF:/Espressif/frameworks/v5.5.4/esp-idf/components/esp_partition/include @"F:/project_ESP32_p4/UART/build/toolchain/cflags" -fdiagnostics-color=always -fdiagnostics-color=always -ffunction-sections -fdata-sections -Wall -Werror=all -Wno-error=unused-function -Wno-error=unused-variable -Wno-error=unused-but-set-variable -Wno-error=deprecated-declarations -Wextra -Wno-error=extra -Wno-unused-parameter -Wno-sign-compare -Wno-enum-conversion -gdwarf-4 -ggdb -Og -fno-shrink-wrap -fmacro-prefix-map=F:/project_ESP32_p4/UART=. -fmacro-prefix-map=F:/Espressif/frameworks/v5.5.4/esp-idf=/IDF -fstrict-volatile-bitfields -fno-jump-tables -fno-tree-switch-conversion -std=gnu17 -Wno-old-style-declaration -MD -MT esp-idf/wifi_module/CMakeFiles/__idf_wifi_module.dir/wifi_module.c.obj -MF esp-idf\wifi_module\CMakeFiles\__idf_wifi_module.dir\wifi_module.c.obj.d -o esp-idf/wifi_module/CMakeFiles/__idf_wifi_module.dir/wifi_module.c.obj -c F:/project_ESP32_p4/UART/components/wifi_module/wifi_module.c
In file included from F:/project_ESP32_p4/UART/components/wifi_module/wifi_module.c:15:
F:/project_ESP32_p4/UART/components/wifi_module/wifi_module.c: In function 'wifi_module_init_sta':
F:/project_ESP32_p4/UART/managed_components/espressif__esp_wifi_remote/idf_v5.5/include/injected/esp_wifi.h:311:26: error: 'CONFIG_WIFI_RMT_STATIC_RX_BUFFER_NUM' undeclared (first use in this function); did you mean 'CONFIG_ETH_DMA_RX_BUFFER_NUM'?
  311 |     .static_rx_buf_num = CONFIG_WIFI_RMT_STATIC_RX_BUFFER_NUM,\
      |                          ^~~~~~~~~~~~~~~~~~~~~~~~~~~~~~~~~~~~
F:/project_ESP32_p4/UART/components/wifi_module/wifi_module.c:127:30: note: in expansion of macro 'WIFI_INIT_CONFIG_DEFAULT'
  127 |     wifi_init_config_t cfg = WIFI_INIT_CONFIG_DEFAULT();
      |                              ^~~~~~~~~~~~~~~~~~~~~~~~
F:/project_ESP32_p4/UART/managed_components/espressif__esp_wifi_remote/idf_v5.5/include/injected/esp_wifi.h:311:26: note: each undeclared identifier is reported only once for each function it appears in
  311 |     .static_rx_buf_num = CONFIG_WIFI_RMT_STATIC_RX_BUFFER_NUM,\
      |                          ^~~~~~~~~~~~~~~~~~~~~~~~~~~~~~~~~~~~
F:/project_ESP32_p4/UART/components/wifi_module/wifi_module.c:127:30: note: in expansion of macro 'WIFI_INIT_CONFIG_DEFAULT'
  127 |     wifi_init_config_t cfg = WIFI_INIT_CONFIG_DEFAULT();
      |                              ^~~~~~~~~~~~~~~~~~~~~~~~
F:/project_ESP32_p4/UART/managed_components/espressif__esp_wifi_remote/idf_v5.5/include/injected/esp_wifi.h:312:27: error: 'CONFIG_WIFI_RMT_DYNAMIC_RX_BUFFER_NUM' undeclared (first use in this function); did you mean 'WIFI_DYNAMIC_TX_BUFFER_NUM'?
  312 |     .dynamic_rx_buf_num = CONFIG_WIFI_RMT_DYNAMIC_RX_BUFFER_NUM,\
      |                           ^~~~~~~~~~~~~~~~~~~~~~~~~~~~~~~~~~~~~
F:/project_ESP32_p4/UART/components/wifi_module/wifi_module.c:127:30: note: in expansion of macro 'WIFI_INIT_CONFIG_DEFAULT'
  127 |     wifi_init_config_t cfg = WIFI_INIT_CONFIG_DEFAULT();
      |                              ^~~~~~~~~~~~~~~~~~~~~~~~
F:/project_ESP32_p4/UART/managed_components/espressif__esp_wifi_remote/idf_v5.5/include/injected/esp_wifi.h:313:20: error: 'CONFIG_WIFI_RMT_TX_BUFFER_TYPE' undeclared (first use in this function); did you mean 'CONFIG_ETH_DMA_TX_BUFFER_NUM'?
  313 |     .tx_buf_type = CONFIG_WIFI_RMT_TX_BUFFER_TYPE,\
      |                    ^~~~~~~~~~~~~~~~~~~~~~~~~~~~~~
F:/project_ESP32_p4/UART/components/wifi_module/wifi_module.c:127:30: note: in expansion of macro 'WIFI_INIT_CONFIG_DEFAULT'
  127 |     wifi_init_config_t cfg = WIFI_INIT_CONFIG_DEFAULT();
      |                              ^~~~~~~~~~~~~~~~~~~~~~~~
F:/project_ESP32_p4/UART/managed_components/espressif__esp_wifi_remote/idf_v5.5/include/injected/esp_wifi.h:316:25: error: 'CONFIG_WIFI_RMT_DYNAMIC_RX_MGMT_BUF' undeclared (first use in this function)
  316 |     .rx_mgmt_buf_type = CONFIG_WIFI_RMT_DYNAMIC_RX_MGMT_BUF,\
      |                         ^~~~~~~~~~~~~~~~~~~~~~~~~~~~~~~~~~~
F:/project_ESP32_p4/UART/components/wifi_module/wifi_module.c:127:30: note: in expansion of macro 'WIFI_INIT_CONFIG_DEFAULT'
  127 |     wifi_init_config_t cfg = WIFI_INIT_CONFIG_DEFAULT();
      |                              ^~~~~~~~~~~~~~~~~~~~~~~~
F:/project_ESP32_p4/UART/managed_components/espressif__esp_wifi_remote/idf_v5.5/include/injected/esp_wifi.h:331:31: error: 'CONFIG_WIFI_RMT_ESPNOW_MAX_ENCRYPT_NUM' undeclared (first use in this function)
  331 |     .espnow_max_encrypt_num = CONFIG_WIFI_RMT_ESPNOW_MAX_ENCRYPT_NUM, \
      |                               ^~~~~~~~~~~~~~~~~~~~~~~~~~~~~~~~~~~~~~
F:/project_ESP32_p4/UART/components/wifi_module/wifi_module.c:127:30: note: in expansion of macro 'WIFI_INIT_CONFIG_DEFAULT'
  127 |     wifi_init_config_t cfg = WIFI_INIT_CONFIG_DEFAULT();
      |                              ^~~~~~~~~~~~~~~~~~~~~~~~
F:/project_ESP32_p4/UART/components/wifi_module/wifi_module.c: In function 'wifi_module_init_ap':
F:/project_ESP32_p4/UART/managed_components/espressif__esp_wifi_remote/idf_v5.5/include/injected/esp_wifi.h:311:26: error: 'CONFIG_WIFI_RMT_STATIC_RX_BUFFER_NUM' undeclared (first use in this function); did you mean 'CONFIG_ETH_DMA_RX_BUFFER_NUM'?
  311 |     .static_rx_buf_num = CONFIG_WIFI_RMT_STATIC_RX_BUFFER_NUM,\
      |                          ^~~~~~~~~~~~~~~~~~~~~~~~~~~~~~~~~~~~
F:/project_ESP32_p4/UART/components/wifi_module/wifi_module.c:202:30: note: in expansion of macro 'WIFI_INIT_CONFIG_DEFAULT'
  202 |     wifi_init_config_t cfg = WIFI_INIT_CONFIG_DEFAULT();
      |                              ^~~~~~~~~~~~~~~~~~~~~~~~
F:/project_ESP32_p4/UART/managed_components/espressif__esp_wifi_remote/idf_v5.5/include/injected/esp_wifi.h:312:27: error: 'CONFIG_WIFI_RMT_DYNAMIC_RX_BUFFER_NUM' undeclared (first use in this function); did you mean 'WIFI_DYNAMIC_TX_BUFFER_NUM'?
  312 |     .dynamic_rx_buf_num = CONFIG_WIFI_RMT_DYNAMIC_RX_BUFFER_NUM,\
      |                           ^~~~~~~~~~~~~~~~~~~~~~~~~~~~~~~~~~~~~
F:/project_ESP32_p4/UART/components/wifi_module/wifi_module.c:202:30: note: in expansion of macro 'WIFI_INIT_CONFIG_DEFAULT'
  202 |     wifi_init_config_t cfg = WIFI_INIT_CONFIG_DEFAULT();
      |                              ^~~~~~~~~~~~~~~~~~~~~~~~
F:/project_ESP32_p4/UART/managed_components/espressif__esp_wifi_remote/idf_v5.5/include/injected/esp_wifi.h:313:20: error: 'CONFIG_WIFI_RMT_TX_BUFFER_TYPE' undeclared (first use in this function); did you mean 'CONFIG_ETH_DMA_TX_BUFFER_NUM'?
  313 |     .tx_buf_type = CONFIG_WIFI_RMT_TX_BUFFER_TYPE,\
      |                    ^~~~~~~~~~~~~~~~~~~~~~~~~~~~~~
F:/project_ESP32_p4/UART/components/wifi_module/wifi_module.c:202:30: note: in expansion of macro 'WIFI_INIT_CONFIG_DEFAULT'
  202 |     wifi_init_config_t cfg = WIFI_INIT_CONFIG_DEFAULT();
      |                              ^~~~~~~~~~~~~~~~~~~~~~~~
F:/project_ESP32_p4/UART/managed_components/espressif__esp_wifi_remote/idf_v5.5/include/injected/esp_wifi.h:316:25: error: 'CONFIG_WIFI_RMT_DYNAMIC_RX_MGMT_BUF' undeclared (first use in this function)
  316 |     .rx_mgmt_buf_type = CONFIG_WIFI_RMT_DYNAMIC_RX_MGMT_BUF,\
      |                         ^~~~~~~~~~~~~~~~~~~~~~~~~~~~~~~~~~~
F:/project_ESP32_p4/UART/components/wifi_module/wifi_module.c:202:30: note: in expansion of macro 'WIFI_INIT_CONFIG_DEFAULT'
  202 |     wifi_init_config_t cfg = WIFI_INIT_CONFIG_DEFAULT();
      |                              ^~~~~~~~~~~~~~~~~~~~~~~~
F:/project_ESP32_p4/UART/managed_components/espressif__esp_wifi_remote/idf_v5.5/include/injected/esp_wifi.h:331:31: error: 'CONFIG_WIFI_RMT_ESPNOW_MAX_ENCRYPT_NUM' undeclared (first use in this function)
  331 |     .espnow_max_encrypt_num = CONFIG_WIFI_RMT_ESPNOW_MAX_ENCRYPT_NUM, \
      |                               ^~~~~~~~~~~~~~~~~~~~~~~~~~~~~~~~~~~~~~
F:/project_ESP32_p4/UART/components/wifi_module/wifi_module.c:202:30: note: in expansion of macro 'WIFI_INIT_CONFIG_DEFAULT'
  202 |     wifi_init_config_t cfg = WIFI_INIT_CONFIG_DEFAULT();
      |                              ^~~~~~~~~~~~~~~~~~~~~~~~
[14/90] Building C object esp-idf/esp_lcd/CMakeFiles/__idf_esp_lcd.dir/src/esp_lcd_common.c.obj
[15/90] Building C object esp-idf/fatfs/CMakeFiles/__idf_fatfs.dir/port/freertos/ffsystem.c.obj
[16/90] Building C object esp-idf/esp_lcd/CMakeFiles/__idf_esp_lcd.dir/src/esp_lcd_panel_io.c.obj
[17/90] Building C object esp-idf/espcoredump/CMakeFiles/__idf_espcoredump.dir/src/core_dump_common.c.obj
[18/90] Building C object esp-idf/fatfs/CMakeFiles/__idf_fatfs.dir/diskio/diskio_rawflash.c.obj
[19/90] Building C object esp-idf/fatfs/CMakeFiles/__idf_fatfs.dir/diskio/diskio_sdmmc.c.obj
[20/90] Building C object esp-idf/espcoredump/CMakeFiles/__idf_espcoredump.dir/src/port/riscv/core_dump_port.c.obj
[21/90] Building C object esp-idf/esp_lcd/CMakeFiles/__idf_esp_lcd.dir/src/esp_async_fbcpy.c.obj
[22/90] Building C object esp-idf/esp_lcd/CMakeFiles/__idf_esp_lcd.dir/src/esp_lcd_panel_st7789.c.obj
[23/90] Building C object esp-idf/espcoredump/CMakeFiles/__idf_espcoredump.dir/src/core_dump_binary.c.obj
[24/90] Building C object esp-idf/esp_lcd/CMakeFiles/__idf_esp_lcd.dir/src/esp_lcd_panel_nt35510.c.obj
[25/90] Building C object esp-idf/esp_lcd/CMakeFiles/__idf_esp_lcd.dir/src/esp_lcd_panel_ssd1306.c.obj
[26/90] Building C object esp-idf/espcoredump/CMakeFiles/__idf_espcoredump.dir/src/core_dump_elf.c.obj
[27/90] Building C object esp-idf/esp_lcd/CMakeFiles/__idf_esp_lcd.dir/i2c/esp_lcd_panel_io_i2c_v2.c.obj
[28/90] Building C object esp-idf/esp_lcd/CMakeFiles/__idf_esp_lcd.dir/i2c/esp_lcd_panel_io_i2c_v1.c.obj
[29/90] Building C object esp-idf/esp_lcd/CMakeFiles/__idf_esp_lcd.dir/dsi/esp_lcd_panel_io_dbi.c.obj
[30/90] Building C object esp-idf/fatfs/CMakeFiles/__idf_fatfs.dir/diskio/diskio.c.obj
[31/90] Building C object esp-idf/espcoredump/CMakeFiles/__idf_espcoredump.dir/src/core_dump_uart.c.obj
[32/90] Building C object esp-idf/esp_lcd/CMakeFiles/__idf_esp_lcd.dir/dsi/esp_lcd_mipi_dsi_bus.c.obj
[33/90] Building C object esp-idf/esp_local_ctrl/CMakeFiles/__idf_esp_local_ctrl.dir/src/esp_local_ctrl_handler.c.obj
[34/90] Building C object esp-idf/esp_local_ctrl/CMakeFiles/__idf_esp_local_ctrl.dir/src/esp_local_ctrl_transport_httpd.c.obj
[35/90] Building C object esp-idf/esp_local_ctrl/CMakeFiles/__idf_esp_local_ctrl.dir/src/esp_local_ctrl.c.obj
[36/90] Building C object esp-idf/esp_lcd/CMakeFiles/__idf_esp_lcd.dir/spi/esp_lcd_panel_io_spi.c.obj
[37/90] Building C object esp-idf/esp_lcd/CMakeFiles/__idf_esp_lcd.dir/dsi/esp_lcd_panel_dpi.c.obj
[38/90] Building C object esp-idf/esp_lcd/CMakeFiles/__idf_esp_lcd.dir/parl/esp_lcd_panel_io_parl.c.obj
[39/90] Building C object esp-idf/fatfs/CMakeFiles/__idf_fatfs.dir/vfs/vfs_fat_spiflash.c.obj
[40/90] Building C object esp-idf/espcoredump/CMakeFiles/__idf_espcoredump.dir/src/core_dump_flash.c.obj
[41/90] Building C object esp-idf/fatfs/CMakeFiles/__idf_fatfs.dir/src/ff.c.obj
[42/90] Building C object esp-idf/esp_lcd/CMakeFiles/__idf_esp_lcd.dir/i80/esp_lcd_panel_io_i80.c.obj
[43/90] Building C object esp-idf/json/CMakeFiles/__idf_json.dir/cJSON/cJSON.c.obj
[44/90] Building C object esp-idf/fatfs/CMakeFiles/__idf_fatfs.dir/vfs/vfs_fat_sdmmc.c.obj
[45/90] Building C object esp-idf/esp_lcd/CMakeFiles/__idf_esp_lcd.dir/rgb/esp_lcd_panel_rgb.c.obj
[46/90] Building C object esp-idf/fatfs/CMakeFiles/__idf_fatfs.dir/vfs/vfs_fat.c.obj
ninja: build stopped: subcommand failed.
